<?xml version="1.0" encoding="UTF-8"?>
<testsuites>
  <testsuite name="sounio-test-suite" tests="670" failures="191" skipped="39" errors="0">
    <testcase name="affine_can_drop" time="0"/>
    <testcase name="array_mut_ref" time="0"/>
    <testcase name="heap_vec_growth" time="1"/>
    <testcase name="heap_vec_minimal" time="1"/>
    <testcase name="heap_vec_pattern" time="1"/>
    <testcase name="hello" time="0"/>
    <testcase name="hypothesis_registered" time="0"/>
    <testcase name="hypothesis_unregistered_warning" time="0"/>
    <testcase name="i32_implicit_return" time="0"/>
    <testcase name="impl_inherent_method" time="0"/>
    <testcase name="impl_multiple_types" time="0"/>
    <testcase name="import_basic" time="0"/>
    <testcase name="assignment_mutation" time="0"/>
    <testcase name="import_basic_a" time="0"/>
    <testcase name="import_basic_main" time="0"/>
    <testcase name="import_chain_b" time="0"/>
    <testcase name="import_chain_c" time="0"/>
    <testcase name="import_chain_main" time="0"/>
    <testcase name="interpolation" time="0"/>
    <testcase name="invariant_tests" time="0">
      <failure message="run exited 1 "/>
    </testcase>
    <testcase name="ir_disasm_basic" time="0"/>
    <testcase name="ir_roundtrip_basic" time="0"/>
    <testcase name="ir_verify_commutative" time="0"/>
    <testcase name="async_basic" time="0">
      <failure message="check exited 1 "/>
    </testcase>
    <testcase name="issue11_ptr_deref_write" time="0"/>
    <testcase name="issue11_ptr_index_read" time="0"/>
    <testcase name="issue11_ptr_index_write_buffer" time="0">
      <failure message="run exited 1 "/>
    </testcase>
    <testcase name="issue11_ptr_index_write_i64" time="0"/>
    <testcase name="issue11_ptr_index_write_u8" time="0">
      <failure message="run exited 1 "/>
    </testcase>
    <testcase name="issue11_ref_deref_read" time="0"/>
    <testcase name="kernel_fn_basic" time="0">
      <failure message="run exited 1 "/>
    </testcase>
    <testcase name="kernel_fn_gpu_effect" time="0">
      <failure message="run exited 1 "/>
    </testcase>
    <testcase name="kernel_multi_backend" time="0">
      <failure message="run exited 1 "/>
    </testcase>
    <testcase name="kernel_ptx_emit" time="0">
      <failure message="run exited 1 "/>
    </testcase>
    <testcase name="async_channels" time="0">
      <failure message="run exited 1 "/>
    </testcase>
    <testcase name="knightian_dark_matter" time="0">
      <failure message="run exited 1 "/>
    </testcase>
    <testcase name="knightian_syntax" time="0"/>
    <testcase name="knowledge_acknowledge" time="0"/>
    <testcase name="knowledge_require_confidence" time="0"/>
    <testcase name="knowledge_unwrap" time="0"/>
    <testcase name="knowledge_value_with_epistemic" time="0"/>
    <testcase name="linalg_decomp" time="0"/>
    <testcase name="linalg_factorize" time="0"/>
    <testcase name="linear_balanced_branches" time="0"/>
    <testcase name="linear_both_branches" time="0"/>
    <testcase name="async_spawn" time="0">
      <failure message="check exited 1 "/>
    </testcase>
    <testcase name="linear_consume_once" time="0"/>
    <testcase name="linear_correct_consume" time="0"/>
    <testcase name="linear_nested_consume" time="0"/>
    <testcase name="linear_return_value" time="0"/>
    <testcase name="linear_struct_field_access" time="0"/>
    <testcase name="logistic_hosmer_lemeshow" time="0"/>
    <testcase name="matnm_test" time="1"/>
    <testcase name="mc_struct_basic" time="0"/>
    <testcase name="mc_struct_field_write" time="0"/>
    <testcase name="mc_struct_large" time="0"/>
    <testcase name="audit_trail_basic" time="0">
      <failure message="run exited 1 "/>
    </testcase>
    <testcase name="mcmc_integration" time="0">
      <failure message="run exited 1 "/>
    </testcase>
    <testcase name="medlang_pk_model" time="0"/>
    <testcase name="method_intrinsics_native" time="0"/>
    <testcase name="multi_agent" time="0"/>
    <testcase name="multitest_with_correction" time="0"/>
    <testcase name="native_enum_basic" time="0">
      <failure message="run exited 1 "/>
    </testcase>
    <testcase name="native_match_int" time="0">
      <failure message="run exited 1 "/>
    </testcase>
    <testcase name="native_struct_call" time="0"/>
    <testcase name="native_struct_smoke" time="0"/>
    <testcase name="native_tokenizer" time="0">
      <failure message="run exited 1 "/>
    </testcase>
    <testcase name="autodiff_forward" time="0"/>
    <testcase name="nlme_test" time="0">
      <failure message="run exited 1 "/>
    </testcase>
    <testcase name="observe_with_effect" time="0"/>
    <testcase name="oct_graph_basic" time="1"/>
    <testcase name="oct_minimal" time="0">
      <failure message="run exited 1 "/>
    </testcase>
    <testcase name="octonion_168_test" time="0"/>
    <testcase name="octonion_basic_demo" time="0"/>
    <testcase name="octonion_basic_ops" time="1">
      <failure message="run exited 1 "/>
    </testcase>
    <testcase name="octonion_basic_ops_standalone" time="1">
      <failure message="run exited 1 "/>
    </testcase>
    <testcase name="octonion_cayley_dickson" time="1"/>
    <testcase name="octonion_mul_test" time="1"/>
    <testcase name="autodiff_reverse" time="1"/>
    <testcase name="ode_bridge_exponential" time="1"/>
    <testcase name="ode_generic_solver" time="1">
      <failure message="run exited 1 "/>
    </testcase>
    <testcase name="ode_rk4_general" time="1"/>
    <testcase name="ode_rk4_harmonic" time="1">
      <failure message="run exited 1 "/>
    </testcase>
    <testcase name="onn_basic_test" time="1">
      <failure message="run exited 1 "/>
    </testcase>
    <testcase name="ontology_axiom_conjunction" time="1"/>
    <testcase name="ontology_basic" time="1"/>
    <testcase name="ontology_disjoint_propagation" time="0"/>
    <testcase name="ontology_property_axiom" time="0"/>
    <testcase name="ontology_role_domain_accept" time="0">
      <failure message="run exited 1 "/>
    </testcase>
    <testcase name="basic_math" time="1"/>
    <testcase name="ontology_roles_basic" time="0"/>
    <testcase name="ontology_roles_hierarchy" time="0"/>
    <testcase name="ontology_subclass_accept" time="0">
      <failure message="run exited 1 "/>
    </testcase>
    <testcase name="ontology_transitive" time="0"/>
    <testcase name="ontology_type_bridge" time="0"/>
    <testcase name="optimization_nelder_mead" time="0"/>
    <testcase name="pattern_match_basic" time="0"/>
    <testcase name="pbpk_analytical_crossvalidation" time="0">
      <failure message="run exited 1 "/>
    </testcase>
    <testcase name="pbpk_caffeine" time="0"/>
    <testcase name="pbpk_reproduction" time="0"/>
    <testcase name="bayesian_observe" time="1"/>
    <testcase name="pbpk_validation_euler" time="0">
      <failure message="run exited 1 "/>
    </testcase>
    <testcase name="pbpk_validation_rk4" time="0"/>
    <testcase name="pk_uncertainty" time="0"/>
    <testcase name="plot3d_test" time="0">
      <failure message="run exited 1 "/>
    </testcase>
    <testcase name="polynomial_ops" time="0"/>
    <testcase name="prob_beta_basic" time="0"/>
    <testcase name="probability_distributions" time="0"/>
    <testcase name="proof_obligation_basic" time="0"/>
    <testcase name="proof_search_basic" time="0">
      <failure message="run exited 1 "/>
    </testcase>
    <testcase name="quadrature" time="0"/>
    <testcase name="algebra_commutative_default" time="0"/>
    <testcase name="bdf64_test" time="1">
      <failure message="run exited 1 "/>
    </testcase>
    <testcase name="rapamycin_epistemic_pbpk" time="0">
      <failure message="run exited 1 "/>
    </testcase>
    <testcase name="refinement_float_bound" time="0"/>
    <testcase name="refinement_inline" time="0"/>
    <testcase name="refinement_let_binding" time="0"/>
    <testcase name="refinement_medical_dose" time="0"/>
    <testcase name="refinement_nested_arithmetic" time="0"/>
    <testcase name="refinement_non_zero" time="0"/>
    <testcase name="refinement_or_predicate" time="0">
      <failure message="run exited 1 "/>
    </testcase>
    <testcase name="refinement_probability" time="0"/>
    <testcase name="refinement_return" time="0"/>
    <testcase name="bdf_stiff" time="1"/>
    <testcase name="refinement_satisfied" time="0"/>
    <testcase name="reinhart_rogoff" time="0">
      <failure message="run exited 1 "/>
    </testcase>
    <testcase name="reinhart_rogoff_weighted" time="0">
      <failure message="run exited 1 "/>
    </testcase>
    <testcase name="relevant_multiple_use" time="0"/>
    <testcase name="root_finding" time="0"/>
    <testcase name="scidata_test" time="1"/>
    <testcase name="scientific_io_test" time="0"/>
    <testcase name="second_order_proof" time="0">
      <failure message="run exited 1 "/>
    </testcase>
    <testcase name="sedenion_embedding_basic" time="">
      <skipped/>
    </testcase>
    <testcase name="sedenion_zero_divisor_demo" time="0"/>
    <testcase name="borrow_call_explicit_release" time="1">
      <failure message="run exited 1 "/>
    </testcase>
    <testcase name="slice_fat_pointers" time="0">
      <failure message="run exited 1 "/>
    </testcase>
    <testcase name="slice_linalg_and_perms" time="0"/>
    <testcase name="sobol_advanced" time="0">
      <failure message="run exited 1 "/>
    </testcase>
    <testcase name="sparse_matrix" time="0"/>
    <testcase name="special_functions" time="0"/>
    <testcase name="sprint235_print_f64_bytecode" time="0"/>
    <testcase name="sprint235_print_f64_e2e" time="1"/>
    <testcase name="study_block_basic" time="0"/>
    <testcase name="study_with_audit" time="0"/>
    <testcase name="svg_plot_test" time="0"/>
    <testcase name="borrow_match_scope_ok" time="1"/>
    <testcase name="symbolic_diff_test" time="0"/>
    <testcase name="symbolic_test" time="0"/>
    <testcase name="test_constrained" time="1">
      <failure message="run exited 1 "/>
    </testcase>
    <testcase name="test_convex" time="0">
      <failure message="run exited 1 "/>
    </testcase>
    <testcase name="test_diffgeo" time="1">
      <failure message="run exited 1 "/>
    </testcase>
    <testcase name="test_fem" time="1">
      <failure message="run exited 1 "/>
    </testcase>
    <testcase name="test_functional" time="1">
      <failure message="run exited 1 "/>
    </testcase>
    <testcase name="test_gp" time="1">
      <failure message="run exited 1 "/>
    </testcase>
    <testcase name="test_integral_eq" time="1">
      <failure message="run exited 1 "/>
    </testcase>
    <testcase name="test_large_import" time="0">
      <failure message="run exited 1 "/>
    </testcase>
    <testcase name="borrow_reborrow" time="1"/>
    <testcase name="test_lie" time="1">
      <failure message="run exited 1 "/>
    </testcase>
    <testcase name="test_mor" time="1">
      <failure message="run exited 1 "/>
    </testcase>
    <testcase name="test_multigrid" time="1">
      <failure message="run exited 1 "/>
    </testcase>
    <testcase name="test_nested_struct_return" time="1"/>
    <testcase name="test_scientific_computing" time="1"/>
    <testcase name="test_spectral" time="1">
      <failure message="run exited 1 "/>
    </testcase>
    <testcase name="test_stochastic_calc" time="0">
      <failure message="run exited 1 "/>
    </testcase>
    <testcase name="test_syscall_ffi" time="0"/>
    <testcase name="theorem_epistemic_monotonicity" time="0"/>
    <testcase name="theorem_kernel_natural_deduction" time="0"/>
    <testcase name="budget64_test" time="1"/>
    <testcase name="theorem_logic_demorgan" time="0"/>
    <testcase name="theorem_nat_induction" time="0"/>
    <testcase name="theorem_tactics_basic" time="0"/>
    <testcase name="theorem_units_dimensional" time="0"/>
    <testcase name="trait_basic" time="0"/>
    <testcase name="tuple_destructure_let" time="0"/>
    <testcase name="turbofish" time="0"/>
    <testcase name="turbofish_native" time="0"/>
    <testcase name="unit_cast_compatible" time="0"/>
    <testcase name="unit_cast_time" time="0"/>
    <testcase name="clifford_spacetime" time="1"/>
    <testcase name="unit_decl_keyword" time="0"/>
    <testcase name="unit_same_add" time="0"/>
    <testcase name="unit_scalar_mul" time="0"/>
    <testcase name="units" time="0"/>
    <testcase name="unobserved_basic" time="0"/>
    <testcase name="vancomycin_propagation" time="0"/>
    <testcase name="wave_a_algebra_struct" time="0"/>
    <testcase name="wave_d_concat" time="0"/>
    <testcase name="wavelet_haar_roundtrip" time="0">
      <failure message="run exited 1 "/>
    </testcase>
    <testcase name="while_struct_mutation_large" time="0"/>
    <testcase name="closure_basic" time="1"/>
    <testcase name="while_struct_mutation_minimal" time="0"/>
    <testcase name="while_struct_mutation_nested" time="0"/>
    <testcase name="while_struct_mutation_ode" time="0"/>
    <testcase name="while_struct_mutation_rk4" time="0"/>
    <testcase name="acquisition_reason_requires_plan" time="0"/>
    <testcase name="affine_double_use" time="0"/>
    <testcase name="aleatoric_treated_as_epistemic" time="0"/>
    <testcase name="alternative_candidate_dominated" time="0"/>
    <testcase name="alternative_candidate_metrics_incomplete" time="0"/>
    <testcase name="alternative_candidate_policy_mismatch" time="0"/>
    <testcase name="closure_capture" time="1"/>
    <testcase name="alternative_candidate_value_mismatch" time="0"/>
    <testcase name="alternative_frontier_target_mismatch" time="0"/>
    <testcase name="alternative_option_requires_set" time="0"/>
    <testcase name="alternative_reason_requires_option" time="0"/>
    <testcase name="alternative_requires_metadata" time="0"/>
    <testcase name="alternative_shorthand_bypass" time="0"/>
    <testcase name="annotation_aleatoric_as_knowledge" time="0"/>
    <testcase name="annotation_axiom_mismatch" time="0"/>
    <testcase name="annotation_diffprivate_mismatch" time="0"/>
    <testcase name="annotation_proof_mismatch" time="0"/>
    <testcase name="closure_effect_checked" time="1"/>
    <testcase name="audit_attachment_non_contest" time="0"/>
    <testcase name="audit_counterexample_incomplete" time="0"/>
    <testcase name="audit_definition_shorthand_target" time="0"/>
    <testcase name="audit_mechanistic_incomplete" time="0"/>
    <testcase name="audit_partial_fail_closed_prove_robust" time="0"/>
    <testcase name="audit_partial_fail_closed_witness" time="0"/>
    <testcase name="audit_posterior_weights_extra_member" time="0"/>
    <testcase name="audit_posterior_weights_missing_member" time="0"/>
    <testcase name="audit_posterior_weights_not_normalized" time="0"/>
    <testcase name="audit_target_mismatch_family" time="0"/>
    <testcase name="algebra_decl_basic" time="0"/>
    <testcase name="closure_effect_infer" time="1"/>
    <testcase name="audit_target_mismatch_inner" time="0"/>
    <testcase name="audit_target_mismatch_policy" time="0"/>
    <testcase name="borrow_call_conflict_explicit" time="0"/>
    <testcase name="borrow_call_exclusive_conflict" time="0"/>
    <testcase name="borrow_call_shared_conflict" time="0"/>
    <testcase name="borrow_conflict" time="0"/>
    <testcase name="borrow_exclusive_twice" time="0"/>
    <testcase name="causal_collider_conditioning" time="0"/>
    <testcase name="causal_front_door_bypass" time="0"/>
    <testcase name="causal_id_bidirected_wall" time="0"/>
    <testcase name="closure_epistemic" time="1"/>
    <testcase name="causal_id_hedge_detected" time="0"/>
    <testcase name="causal_m_bias" time="0"/>
    <testcase name="causal_no_adjustment" time="0"/>
    <testcase name="causal_no_front_door" time="0"/>
    <testcase name="causal_non_identifiable" time="0"/>
    <testcase name="causal_unblocked_backdoor" time="0"/>
    <testcase name="closure_linear_double_call" time="0"/>
    <testcase name="commit_alternative_requires_option" time="0"/>
    <testcase name="cond_indep_violation" time="0"/>
    <testcase name="contest_no_silent_unwrap" time="1"/>
    <testcase name="closure_fn_ref" time="1"/>
    <testcase name="contest_requires_annotation" time="1"/>
    <testcase name="contest_witness_incomplete_metadata" time="1"/>
    <testcase name="contest_witness_missing_counterexample" time="1"/>
    <testcase name="contest_witness_missing_mechanistic_report" time="1"/>
    <testcase name="contest_witness_missing_metric" time="0"/>
    <testcase name="contest_witness_missing_posterior_weights" time="0"/>
    <testcase name="contest_witness_wrong_operand" time="0"/>
    <testcase name="covid_2020_knightian_refusal" time="0"/>
    <testcase name="covid_2020_temporal_alias_refusal" time="0"/>
    <testcase name="covid_2020_temporal_expiration" time="0"/>
    <testcase name="closure_higher_order" time="0"/>
    <testcase name="debug_guard_missing_policy" time="0"/>
    <testcase name="debug_guard_witness_type_mismatch" time="0"/>
    <testcase name="defer_action_requires_deferral_policy" time="0"/>
    <testcase name="defer_action_requires_full_evidence" time="0"/>
    <testcase name="defer_action_requires_proof_carrying_robust" time="0"/>
    <testcase name="defer_action_target_mismatch" time="0"/>
    <testcase name="deferral_reason_requires_deferred" time="0"/>
    <testcase name="door1_stack_frame_too_large" time="0"/>
    <testcase name="door1_too_many_globals_1025" time="0"/>
    <testcase name="door1_too_many_locals_1025" time="0"/>
    <testcase name="closure_lambda_lift" time="0"/>
    <testcase name="effect_handler_missing_arm" time="0"/>
    <testcase name="effect_io_in_pure" time="0"/>
    <testcase name="effect_missing" time="0"/>
    <testcase name="effect_multiple_missing" time="0"/>
    <testcase name="effect_resume_wrong_type" time="0"/>
    <testcase name="effects_closure_escape" time="0"/>
    <testcase name="effects_pure_context" time="0"/>
    <testcase name="effects_unhandled" time="0"/>
    <testcase name="epistemic_epsilon_mismatch" time="0"/>
    <testcase name="epistemic_kernel_aleatoric" time="0"/>
    <testcase name="closure_linear" time="0">
      <failure message="run exited 1 "/>
    </testcase>
    <testcase name="epistemic_kernel_io_effect" time="0"/>
    <testcase name="epsilon_bound_violation" time="0"/>
    <testcase name="kernel_io_effect" time="0"/>
    <testcase name="kernel_mut_effect" time="0"/>
    <testcase name="kernel_nonvoid_return" time="0"/>
    <testcase name="knightian_mixed" time="0"/>
    <testcase name="knowledge_acknowledge_requires_reason" time="0"/>
    <testcase name="knowledge_cast_blocked" time="0"/>
    <testcase name="knowledge_confidence_bound" time="0"/>
    <testcase name="knowledge_no_silent_drop_in_binary" time="0"/>
    <testcase name="closure_sort_by" time="0"/>
    <testcase name="knowledge_no_silent_unwrap" time="0"/>
    <testcase name="knowledge_require_confidence_arity" time="0"/>
    <testcase name="knowledge_unwrap_reason_must_be_string" time="0"/>
    <testcase name="knowledge_unwrap_requires_reason" time="0"/>
    <testcase name="knowledge_value_requires_epistemic" time="0"/>
    <testcase name="linear_branch_asymmetry" time="0"/>
    <testcase name="linear_branch_unconsumed" time="0"/>
    <testcase name="linear_call_double_use" time="0"/>
    <testcase name="linear_capture_closure" time="0"/>
    <testcase name="linear_double_use" time="0"/>
    <testcase name="complex_arithmetic" time="0"/>
    <testcase name="linear_early_return" time="0"/>
    <testcase name="linear_field_unconsumed" time="0"/>
    <testcase name="linear_if_no_else" time="0"/>
    <testcase name="linear_implicit_drop" time="0"/>
    <testcase name="linear_loop_consume" time="0"/>
    <testcase name="linear_multiple_field_access" time="0"/>
    <testcase name="linear_not_consumed" time="0"/>
    <testcase name="linear_parameter_unused" time="0"/>
    <testcase name="linear_reassign_lost" time="0"/>
    <testcase name="missing_effect" time="0"/>
    <testcase name="compress_crc32" time="0"/>
    <testcase name="monitoring_policy_target_mismatch" time="0"/>
    <testcase name="multitest_no_correction" time="0"/>
    <testcase name="observe_assign_boundary" time="0"/>
    <testcase name="observe_call_arg_boundary" time="0"/>
    <testcase name="observe_print_boundary" time="0"/>
    <testcase name="observe_return_boundary" time="0"/>
    <testcase name="observe_transition_requires_plan" time="0"/>
    <testcase name="ontology_direct_disjoint_reject" time="0"/>
    <testcase name="ontology_disjoint" time="0"/>
    <testcase name="ontology_inherited_disjoint_reject" time="0"/>
    <testcase name="confidence_gate_test" time="0">
      <failure message="run exited 1 "/>
    </testcase>
    <testcase name="ontology_inverse_role_diagnostics" time="0"/>
    <testcase name="ontology_property_weakening" time="0"/>
    <testcase name="ontology_role_bad_domain_or_range" time="0"/>
    <testcase name="ontology_role_domain_reject" time="0"/>
    <testcase name="ontology_role_duplicate_decl" time="0"/>
    <testcase name="ontology_role_inverse_target_missing" time="0"/>
    <testcase name="ontology_role_range_reject" time="0"/>
    <testcase name="ontology_subclass_reject" time="0"/>
    <testcase name="ontology_type_mismatch" time="0"/>
    <testcase name="ownership_borrow_conflict" time="0"/>
    <testcase name="algebra_g2_invariants" time="0"/>
    <testcase name="connectome_laplacian_eigenvectors" time="0"/>
    <testcase name="ownership_double_mut_borrow" time="0"/>
    <testcase name="ownership_move_while_borrowed" time="0"/>
    <testcase name="ownership_use_after_move" time="0"/>
    <testcase name="parser_rust_attribute" time="0"/>
    <testcase name="parser_rust_let_mut" time="0"/>
    <testcase name="parser_rust_macro" time="0"/>
    <testcase name="parser_rust_mut_ref" time="1"/>
    <testcase name="plan_acquisition_missing_audit_data" time="1"/>
    <testcase name="plan_acquisition_requires_deferred" time="1"/>
    <testcase name="plan_acquisition_requires_policy" time="1"/>
    <testcase name="constrained_opt_test" time="0">
      <failure message="run exited 1 "/>
    </testcase>
    <testcase name="plan_acquisition_target_mismatch" time="1"/>
    <testcase name="plan_recourse_missing_audit_data" time="1"/>
    <testcase name="plan_recourse_requires_deferred" time="1"/>
    <testcase name="plan_recourse_requires_policy" time="1"/>
    <testcase name="plan_recourse_target_mismatch" time="1"/>
    <testcase name="plan_resolution_shorthand_bypass" time="1"/>
    <testcase name="potential_outcome_both_observed" time="1"/>
    <testcase name="propose_alternatives_requires_evidence" time="0"/>
    <testcase name="recourse_reason_requires_plan" time="0"/>
    <testcase name="refinement_alias" time="0"/>
    <testcase name="covid_2020_kernel" time="0"/>
    <testcase name="refinement_compound_violation" time="0"/>
    <testcase name="refinement_inline_param_violation" time="0"/>
    <testcase name="refinement_let_violation" time="0"/>
    <testcase name="refinement_predicate_violated" time="0"/>
    <testcase name="refinement_subtype" time="0"/>
    <testcase name="refinement_subtype_strict" time="0"/>
    <testcase name="refinement_violation_bounds" time="0"/>
    <testcase name="refinement_violation_positive" time="0"/>
    <testcase name="refinement_violation_probability" time="0"/>
    <testcase name="reinhart_sample_size" time="0"/>
    <testcase name="cranelift_geo_product_min" time="0"/>
    <testcase name="reinhart_unit_confusion" time="0"/>
    <testcase name="relevant_must_use" time="0"/>
    <testcase name="robust_not_admissible" time="0"/>
    <testcase name="robust_not_deferred" time="0"/>
    <testcase name="robust_not_validated" time="0"/>
    <testcase name="rollback_transition_requires_failure" time="0"/>
    <testcase name="rollback_transition_requires_plan" time="0"/>
    <testcase name="scoped_effect_escape" time="0"/>
    <testcase name="session_missing_effect" time="0"/>
    <testcase name="singleton_wrong_constant" time="0"/>
    <testcase name="crypto_hash" time="0"/>
    <testcase name="study_call_without_audit" time="0"/>
    <testcase name="study_missing_hypothesis" time="0"/>
    <testcase name="transition_final_step_mismatch" time="0"/>
    <testcase name="transition_policy_target_mismatch" time="0"/>
    <testcase name="transition_protocol_target_mismatch" time="0"/>
    <testcase name="transition_reason_requires_plan" time="0"/>
    <testcase name="transition_requirement_unavailable" time="0"/>
    <testcase name="transition_shorthand_bypass" time="0"/>
    <testcase name="transition_step_value_mismatch" time="0"/>
    <testcase name="transition_steps_exceed_max" time="0"/>
    <testcase name="cybernetic_proof" time="0">
      <failure message="run exited 1 "/>
    </testcase>
    <testcase name="tuple_destructure_arity_mismatch" time="0"/>
    <testcase name="turbofish_bound_violation" time="0"/>
    <testcase name="turbofish_concrete_type_mismatch" time="0"/>
    <testcase name="unit_cast_incompatible" time="0"/>
    <testcase name="unit_mismatch" time="0"/>
    <testcase name="unit_mismatch_add" time="0"/>
    <testcase name="unobserved_no_observe" time="0"/>
    <testcase name="vancomycin_low_conf" time="0"/>
    <testcase name="array_elem_mismatch" time="0"/>
    <testcase name="array_index_type" time="0"/>
    <testcase name="dataframe_test" time="0">
      <failure message="run exited 1 "/>
    </testcase>
    <testcase name="assign_to_immut" time="0"/>
    <testcase name="bitwise_float" time="0"/>
    <testcase name="break_outside_loop" time="0"/>
    <testcase name="closure_arg_type" time="0"/>
    <testcase name="comparison_type_mismatch" time="0"/>
    <testcase name="condition_not_bool" time="0"/>
    <testcase name="continue_outside_loop" time="0"/>
    <testcase name="division_by_zero" time="0"/>
    <testcase name="division_by_zero_assign_const" time="0"/>
    <testcase name="division_by_zero_const_expr" time="0"/>
    <testcase name="dissertation_pbpk14_gum" time="1"/>
    <testcase name="division_by_zero_const_ident" time="0"/>
    <testcase name="enum_wrong_data" time="0"/>
    <testcase name="epistemic_call_boundary_invalid_provided_epsilon" time="0"/>
    <testcase name="epistemic_call_boundary_unknown_provided_epsilon" time="0"/>
    <testcase name="extra_args" time="0"/>
    <testcase name="field_not_found" time="0"/>
    <testcase name="generic_constraint" time="0"/>
    <testcase name="if_branch_mismatch" time="0"/>
    <testcase name="invalid_binary_op" time="0"/>
    <testcase name="invalid_unary_op" time="0"/>
    <testcase name="door1_box_new_array_65536" time="0"/>
    <testcase name="logical_and_not_bool" time="0"/>
    <testcase name="logical_not_bool" time="0"/>
    <testcase name="loop_return_mismatch" time="0"/>
    <testcase name="match_arm_mismatch" time="0"/>
    <testcase name="method_not_found" time="0"/>
    <testcase name="mismatch_arg" time="0"/>
    <testcase name="mismatch_let" time="0"/>
    <testcase name="mismatch_return" time="0"/>
    <testcase name="modulo_by_zero" time="0"/>
    <testcase name="modulo_by_zero_assign_const" time="0"/>
    <testcase name="door1_dense1024_epistemic" time="0">
      <failure message="run exited 1 "/>
    </testcase>
    <testcase name="modulo_by_zero_const_expr" time="0"/>
    <testcase name="modulo_by_zero_const_ident" time="0"/>
    <testcase name="modulo_float" time="0"/>
    <testcase name="not_callable" time="0"/>
    <testcase name="not_indexable" time="0"/>
    <testcase name="range_type_mismatch" time="1"/>
    <testcase name="recursive_type" time="0"/>
    <testcase name="ref_deref_mismatch" time="1"/>
    <testcase name="refinement_violation" time="">
      <skipped/>
    </testcase>
    <testcase name="return_outside_fn" time="1"/>
    <testcase name="algebra_g2_invariants_import" time="0">
      <failure message="run exited 1 "/>
    </testcase>
    <testcase name="door1_many_globals_300" time="0"/>
    <testcase name="shift_float" time="1"/>
    <testcase name="struct_extra_field" time="1"/>
    <testcase name="struct_field_type" time="1"/>
    <testcase name="struct_missing_field" time="1"/>
    <testcase name="tuple_index_oob" time="1"/>
    <testcase name="unit_mismatch" time="">
      <skipped/>
    </testcase>
    <testcase name="void_assign" time="1"/>
    <testcase name="while_cond_not_bool" time="1"/>
    <testcase name="wrong_arg_count" time="0"/>
    <testcase name="alloc_not_declared" time="">
      <skipped/>
    </testcase>
    <testcase name="door1_many_locals_300" time="0"/>
    <testcase name="effect_leak" time="0"/>
    <testcase name="io_not_declared" time="0"/>
    <testcase name="mut_not_declared" time="0"/>
    <testcase name="nested_effects" time="0"/>
    <testcase name="panic_not_declared" time="0"/>
    <testcase name="affine_copy" time="0"/>
    <testcase name="branch_linear" time="0"/>
    <testcase name="call_boundary_failed_explicit_release_guard" time="0"/>
    <testcase name="call_boundary_failed_explicit_release_guard_mirror" time="0"/>
    <testcase name="call_boundary_failed_implicit_release_guard" time="">
      <skipped/>
    </testcase>
    <testcase name="door1_spilled_local_array_65536" time="0"/>
    <testcase name="linear_double_use" time="0"/>
    <testcase name="linear_not_consumed" time="0"/>
    <testcase name="mutable_borrow_immut" time="0"/>
    <testcase name="duplicate_param" time="0"/>
    <testcase name="enum_variant_undefined" time="0"/>
    <testcase name="shadow_builtin" time="0"/>
    <testcase name="undefined_function" time="0"/>
    <testcase name="undefined_type" time="0"/>
    <testcase name="undefined_variable" time="0"/>
    <testcase name="use_before_def" time="0"/>
    <testcase name="door5_epistemic_attention" time="0"/>
    <testcase name="non_exhaustive" time="0"/>
    <testcase name="test_sort_e2e" time="0">
      <failure message="run exited 1 "/>
    </testcase>
    <testcase name="test_analysis" time="0">
      <failure message="run exited 1 "/>
    </testcase>
    <testcase name="test_executor_e2e" time="0">
      <failure message="run exited 139 "/>
    </testcase>
    <testcase name="test_future_e2e" time="0"/>
    <testcase name="test_dual_e2e" time="0">
      <failure message="run exited 1 "/>
    </testcase>
    <testcase name="test_epistemic_bridge" time="0">
      <failure message="run exited 1 "/>
    </testcase>
    <testcase name="test_struct" time="0">
      <failure message="run exited 1 "/>
    </testcase>
    <testcase name="test_mcmc" time="0">
      <failure message="run exited 1 "/>
    </testcase>
    <testcase name="test_mcmc_e2e" time="0">
      <failure message="run exited 1 "/>
    </testcase>
    <testcase name="effect_chain_propagation" time="0"/>
    <testcase name="test_prior_e2e" time="0"/>
    <testcase name="test_core" time="0">
      <failure message="run exited 1 "/>
    </testcase>
    <testcase name="test_do_calculus" time="0">
      <failure message="run exited 1 "/>
    </testcase>
    <testcase name="test_bitset_e2e" time="0">
      <failure message="run exited 139 "/>
    </testcase>
    <testcase name="test_collections" time="0">
      <failure message="run exited 1 "/>
    </testcase>
    <testcase name="test_collections_hm64_vec" time="0">
      <failure message="run exited 1 "/>
    </testcase>
    <testcase name="test_deque_e2e" time="0">
      <failure message="run exited 139 "/>
    </testcase>
    <testcase name="test_floatvec_e2e" time="0">
      <failure message="run exited 1 "/>
    </testcase>
    <testcase name="test_hashmap_e2e" time="0">
      <failure message="run exited 1 "/>
    </testcase>
    <testcase name="test_hashset_e2e" time="0">
      <failure message="run exited 139 "/>
    </testcase>
    <testcase name="effect_handler_basic" time="0"/>
    <testcase name="test_heap_e2e" time="0">
      <failure message="run exited 139 "/>
    </testcase>
    <testcase name="test_intvec_e2e" time="0">
      <failure message="run exited 1 "/>
    </testcase>
    <testcase name="test_native_vec_lean" time="">
      <skipped/>
    </testcase>
    <testcase name="test_complex" time="0">
      <failure message="run exited 1 "/>
    </testcase>
    <testcase name="test_gzip_e2e" time="">
      <skipped/>
    </testcase>
    <testcase name="test_zstd_e2e" time="">
      <skipped/>
    </testcase>
    <testcase name="test_connectivity" time="0">
      <failure message="run exited 1 "/>
    </testcase>
    <testcase name="test_constants" time="0">
      <failure message="run exited 1 "/>
    </testcase>
    <testcase name="test_option_e2e" time="0"/>
    <testcase name="test_option_result_e2e" time="">
      <skipped/>
    </testcase>
    <testcase name="effect_superset_ok" time="0"/>
    <testcase name="test_result_e2e" time="0">
      <failure message="run exited 1 "/>
    </testcase>
    <testcase name="test_sha256" time="0">
      <failure message="run exited 1 "/>
    </testcase>
    <testcase name="test_csv" time="">
      <skipped/>
    </testcase>
    <testcase name="test_darwin" time="0">
      <failure message="run exited 1 "/>
    </testcase>
    <testcase name="test_epistemic_pbpk" time="0">
      <failure message="run exited 1 "/>
    </testcase>
    <testcase name="test_pipeline_real_e2e" time="0"/>
    <testcase name="test_simulation_e2e" time="">
      <skipped/>
    </testcase>
    <testcase name="test_csv_e2e" time="">
      <skipped/>
    </testcase>
    <testcase name="test_frame_e2e" time="">
      <skipped/>
    </testcase>
    <testcase name="test_encoding_e2e" time="0">
      <failure message="run exited 1 "/>
    </testcase>
    <testcase name="effects" time="0"/>
    <testcase name="test_causal" time="0">
      <failure message="run exited 1 "/>
    </testcase>
    <testcase name="test_core_e2e" time="0">
      <failure message="run exited 1 "/>
    </testcase>
    <testcase name="test_dissertation_e2e" time="0">
      <failure message="run exited 1 "/>
    </testcase>
    <testcase name="test_eg_epistemic_rewrite" time="0">
      <failure message="run exited 1 "/>
    </testcase>
    <testcase name="test_gum_builder" time="">
      <skipped/>
    </testcase>
    <testcase name="test_knowledge_jit" time="0">
      <failure message="run exited 1 "/>
    </testcase>
    <testcase name="test_stats" time="0">
      <failure message="run exited 1 "/>
    </testcase>
    <testcase name="test_fairness" time="0"/>
    <testcase name="test_cstring" time="">
      <skipped/>
    </testcase>
    <testcase name="test_slice" time="">
      <skipped/>
    </testcase>
    <testcase name="epistemic_arena_h2o" time="0">
      <failure message="run exited 1 "/>
    </testcase>
    <testcase name="test_connectivity_e2e" time="0">
      <failure message="run exited 1 "/>
    </testcase>
    <testcase name="test_pipeline_real_e2e" time="0">
      <failure message="run exited 1 "/>
    </testcase>
    <testcase name="test_dimension_e2e" time="0">
      <failure message="run exited 1 "/>
    </testcase>
    <testcase name="test_calculus" time="0"/>
    <testcase name="test_calculus_e2e" time="0"/>
    <testcase name="test_ops_e2e" time="1"/>
    <testcase name="test_fusion" time="0">
      <failure message="run exited 139 "/>
    </testcase>
    <testcase name="test_genomics" time="1"/>
    <testcase name="test_types" time="1">
      <failure message="run exited 1 "/>
    </testcase>
    <testcase name="test_gpu" time="1">
      <failure message="run exited 1 "/>
    </testcase>
    <testcase name="epistemic_bmi" time="0"/>
    <testcase name="test_algorithms" time="1">
      <failure message="run exited 1 "/>
    </testcase>
    <testcase name="test_algorithms_e2e" time="1">
      <failure message="run exited 1 "/>
    </testcase>
    <testcase name="test_graph" time="1">
      <failure message="run exited 1 "/>
    </testcase>
    <testcase name="test_hardware" time="1">
      <failure message="run exited 1 "/>
    </testcase>
    <testcase name="test_heliobiology" time="1">
      <failure message="run exited 1 "/>
    </testcase>
    <testcase name="test_http_e2e" time="">
      <skipped/>
    </testcase>
    <testcase name="test_epistemic_ode" time="1">
      <failure message="run exited 1 "/>
    </testcase>
    <testcase name="test_interop" time="1">
      <failure message="run exited 1 "/>
    </testcase>
    <testcase name="test_interp_e2e" time="">
      <skipped/>
    </testcase>
    <testcase name="test_spline" time="0">
      <failure message="run exited 1 "/>
    </testcase>
    <testcase name="algebra_g2_null_model" time="0"/>
    <testcase name="epistemic_kernel_shadow" time="0">
      <failure message="run exited 1 "/>
    </testcase>
    <testcase name="test_io" time="0">
      <failure message="run exited 1 "/>
    </testcase>
    <testcase name="test_iter" time="0"/>
    <testcase name="test_json" time="0">
      <failure message="run exited 1 "/>
    </testcase>
    <testcase name="test_json_e2e" time="">
      <skipped/>
    </testcase>
    <testcase name="test_decomp_e2e" time="0"/>
    <testcase name="test_eigen_e2e" time="0"/>
    <testcase name="test_epistemic_matrix_builder" time="">
      <skipped/>
    </testcase>
    <testcase name="test_epistemic_tensor_e2e" time="">
      <skipped/>
    </testcase>
    <testcase name="test_matrix_e2e" time="0">
      <failure message="run exited 1 "/>
    </testcase>
    <testcase name="test_logic" time="0"/>
    <testcase name="epistemic_kernel_unary" time="0">
      <failure message="run exited 1 "/>
    </testcase>
    <testcase name="test_core_e2e" time="0"/>
    <testcase name="test_hyper_math_e2e" time="0"/>
    <testcase name="test_number_theory_e2e" time="0">
      <failure message="run exited 1 "/>
    </testcase>
    <testcase name="test_survival_e2e" time="">
      <skipped/>
    </testcase>
    <testcase name="test_medlang" time="0">
      <failure message="run exited 1 "/>
    </testcase>
    <testcase name="test_arena_e2e" time="">
      <skipped/>
    </testcase>
    <testcase name="test_classifier" time="0"/>
    <testcase name="test_gp_e2e" time="">
      <skipped/>
    </testcase>
    <testcase name="test_msgpack" time="30">
      <failure message="run timed out after 30s "/>
    </testcase>
    <testcase name="test_addr_e2e" time="0">
      <failure message="run exited 1 "/>
    </testcase>
    <testcase name="epistemic_molecule_h2o" time="0">
      <failure message="run exited 1 "/>
    </testcase>
    <testcase name="test_neuro" time="0">
      <failure message="run exited 1 "/>
    </testcase>
    <testcase name="test_activation_e2e" time="0">
      <failure message="run exited 1 "/>
    </testcase>
    <testcase name="test_autograd_v2" time="0">
      <failure message="run exited 1 "/>
    </testcase>
    <testcase name="test_dense2_e2e" time="0">
      <failure message="run exited 1 "/>
    </testcase>
    <testcase name="test_dense_e2e" time="0">
      <failure message="run exited 1 "/>
    </testcase>
    <testcase name="test_dense_layer_e2e" time="0">
      <failure message="run exited 1 "/>
    </testcase>
    <testcase name="test_epistemic_backward_e2e" time="0">
      <failure message="run exited 1 "/>
    </testcase>
    <testcase name="test_epistemic_layer_e2e" time="">
      <skipped/>
    </testcase>
    <testcase name="test_fractal_sedenion_e2e" time="0">
      <failure message="run exited 1 "/>
    </testcase>
    <testcase name="test_hyper_quaternion_e2e" time="">
      <skipped/>
    </testcase>
    <testcase name="epistemic_nuclear_decay" time="0">
      <failure message="run exited 1 "/>
    </testcase>
    <testcase name="test_mlp_xor_e2e" time="0">
      <failure message="run exited 1 "/>
    </testcase>
    <testcase name="test_epistemic_pk_fit_e2e" time="0"/>
    <testcase name="test_epistemic_pkpd_e2e" time="0"/>
    <testcase name="test_pbpk14_rk4_e2e" time="0">
      <failure message="run exited 1 "/>
    </testcase>
    <testcase name="test_rk4_e2e" time="0">
      <failure message="run exited 1 "/>
    </testcase>
    <testcase name="test_rk4_fn_ref_e2e" time="">
      <skipped/>
    </testcase>
    <testcase name="test_tsit5_e2e" time="0">
      <failure message="run exited 1 "/>
    </testcase>
    <testcase name="test_tsit5_multicomp_e2e" time="0"/>
    <testcase name="test_hyper_onn_e2e" time="0">
      <failure message="run exited 1 "/>
    </testcase>
    <testcase name="test_ontology" time="0">
      <failure message="run exited 1 "/>
    </testcase>
    <testcase name="epistemic_ode_14comp" time="0">
      <failure message="run exited 1 "/>
    </testcase>
    <testcase name="test_bfgs_e2e" time="0">
      <failure message="run exited 1 "/>
    </testcase>
    <testcase name="test_epistemic_bfgs_e2e" time="">
      <skipped/>
    </testcase>
    <testcase name="test_nelder_mead_e2e" time="0">
      <failure message="run exited 1 "/>
    </testcase>
    <testcase name="test_uncertainty_e2e" time="0"/>
    <testcase name="test_os" time="0">
      <failure message="run exited 1 "/>
    </testcase>
    <testcase name="test_pbpk" time="0">
      <failure message="run exited 1 "/>
    </testcase>
    <testcase name="test_canvas_e2e" time="">
      <skipped/>
    </testcase>
    <testcase name="test_polynomial" time="0"/>
    <testcase name="test_dp" time="0"/>
    <testcase name="test_beta_e2e" time="0"/>
    <testcase name="epistemic_pbpk_multidrug" time="0">
      <failure message="run exited 1 "/>
    </testcase>
    <testcase name="test_distributions" time="">
      <skipped/>
    </testcase>
    <testcase name="test_distributions_e2e" time="">
      <skipped/>
    </testcase>
    <testcase name="test_normal_e2e" time="0"/>
    <testcase name="test_profiler_e2e" time="">
      <skipped/>
    </testcase>
    <testcase name="test_hyper_qnn_e2e" time="0"/>
    <testcase name="test_quantum_e2e" time="0"/>
    <testcase name="test_epistemic_vqe" time="0"/>
    <testcase name="test_distributions_e2e" time="0">
      <failure message="run exited 1 "/>
    </testcase>
    <testcase name="test_rng" time="1">
      <failure message="run exited 1 "/>
    </testcase>
    <testcase name="test_rng_e2e" time="0">
      <failure message="run exited 1 "/>
    </testcase>
    <testcase name="epistemic_pbpk_native" time="0">
      <failure message="run exited 1 "/>
    </testcase>
    <testcase name="test_xoshiro_e2e" time="0"/>
    <testcase name="test_regex" time="0"/>
    <testcase name="test_render" time="2">
      <failure message="run exited 1 "/>
    </testcase>
    <testcase name="test_roots" time="0"/>
    <testcase name="test_science" time="1"/>
    <testcase name="test_algorithms" time="1">
      <failure message="run exited 1 "/>
    </testcase>
    <testcase name="test_fft" time="1">
      <failure message="run exited 1 "/>
    </testcase>
    <testcase name="test_filter_e2e" time="">
      <skipped/>
    </testcase>
    <testcase name="test_fractal_e2e" time="1">
      <failure message="run exited 1 "/>
    </testcase>
    <testcase name="test_spectral_e2e" time="">
      <skipped/>
    </testcase>
    <testcase name="epistemic_reaction_glycolysis" time="0">
      <failure message="run exited 1 "/>
    </testcase>
    <testcase name="test_g2_convergence_e2e" time="1">
      <failure message="run exited 1 "/>
    </testcase>
    <testcase name="test_g2_grad_e2e" time="1">
      <failure message="run exited 1 "/>
    </testcase>
    <testcase name="test_g2_landscape_stress" time="1">
      <failure message="run exited 1 "/>
    </testcase>
    <testcase name="test_snn_e2e" time="1">
      <failure message="run exited 1 "/>
    </testcase>
    <testcase name="test_airy_e2e" time="0">
      <failure message="run exited 1 "/>
    </testcase>
    <testcase name="test_bessel_e2e" time="0">
      <failure message="run exited 1 "/>
    </testcase>
    <testcase name="test_beta" time="0">
      <failure message="run exited 1 "/>
    </testcase>
    <testcase name="test_erf" time="0">
      <failure message="run exited 1 "/>
    </testcase>
    <testcase name="test_gamma" time="0">
      <failure message="run exited 1 "/>
    </testcase>
    <testcase name="test_igamma_bessel" time="0">
      <failure message="run exited 1 "/>
    </testcase>
    <testcase name="epistemic_refined" time="0">
      <failure message="run exited 1 "/>
    </testcase>
    <testcase name="test_spiking_e2e" time="0"/>
    <testcase name="test_arima_e2e" time="0">
      <failure message="run exited 1 "/>
    </testcase>
    <testcase name="test_descriptive_e2e" time="">
      <skipped/>
    </testcase>
    <testcase name="test_distributions" time="0">
      <failure message="run exited 1 "/>
    </testcase>
    <testcase name="test_hypothesis" time="0">
      <failure message="run exited 28 "/>
    </testcase>
    <testcase name="test_inferential_e2e" time="">
      <skipped/>
    </testcase>
    <testcase name="test_logistic_e2e" time="0">
      <failure message="run exited 1 "/>
    </testcase>
    <testcase name="test_regression_builder" time="">
      <skipped/>
    </testcase>
    <testcase name="test_sde" time="0">
      <failure message="run exited 1 "/>
    </testcase>
    <testcase name="test_str" time="0">
      <failure message="run exited 1 "/>
    </testcase>
    <testcase name="epistemic_subsumption" time="0">
      <failure message="run exited 1 "/>
    </testcase>
    <testcase name="test_string" time="0">
      <failure message="run exited 1 "/>
    </testcase>
    <testcase name="test_atomic_e2e" time="0">
      <failure message="run exited 1 "/>
    </testcase>
    <testcase name="test_channel_e2e" time="0">
      <failure message="run exited 139 "/>
    </testcase>
    <testcase name="test_rwlock_e2e" time="0">
      <failure message="run exited 139 "/>
    </testcase>
    <testcase name="test_systems" time="0">
      <failure message="run exited 1 "/>
    </testcase>
    <testcase name="test_assert_advanced_e2e" time="">
      <skipped/>
    </testcase>
    <testcase name="test_format_e2e" time="0">
      <failure message="run exited 1 "/>
    </testcase>
    <testcase name="test_proof_search_basic" time="0">
      <failure message="run exited 1 "/>
    </testcase>
    <testcase name="test_smt_solver_basic" time="0">
      <failure message="run exited 1 "/>
    </testcase>
    <testcase name="test_theorem_core" time="0"/>
    <testcase name="algebra_observe_synthesis" time="0"/>
    <testcase name="epistemic_unspecified_epsilon" time="0">
      <failure message="run exited 1 "/>
    </testcase>
    <testcase name="test_theorem_kernel" time="0">
      <failure message="run exited 1 "/>
    </testcase>
    <testcase name="test_pool_e2e" time="0">
      <failure message="run exited 139 "/>
    </testcase>
    <testcase name="test_time" time="0">
      <failure message="run exited 1 "/>
    </testcase>
    <testcase name="test_toml" time="0">
      <failure message="run exited 1 "/>
    </testcase>
    <testcase name="test_trace" time="0">
      <failure message="run exited 1 "/>
    </testcase>
    <testcase name="test_refinement_e2e" time="">
      <skipped/>
    </testcase>
    <testcase name="test_units" time="0"/>
    <testcase name="test_log_path_cmp" time="0">
      <failure message="run exited 1 "/>
    </testcase>
    <testcase name="test_web" time="0"/>
    <testcase name="test_yaml" time="0">
      <failure message="run exited 1 "/>
    </testcase>
    <testcase name="epsilon_comparison_valid" time="0"/>
    <testcase name="ffi_ctypes" time="0"/>
    <testcase name="ffi_libm_call" time="0"/>
    <testcase name="fft_spectral" time="0"/>
    <testcase name="for_in_loops" time="0"/>
    <testcase name="for_range_loop" time="0"/>
    <testcase name="for_range_native" time="0">
      <failure message="run exited 1 "/>
    </testcase>
    <testcase name="g2_abide_sounio" time="0">
      <failure message="run exited 1 "/>
    </testcase>
    <testcase name="g2_bridge_pipeline" time="0"/>
    <testcase name="algebra_properties_basic" time="0"/>
    <testcase name="g2_cohort_comparison" time="0"/>
    <testcase name="generic_knowledge" time="0"/>
    <testcase name="generic_struct_basic" time="0"/>
    <testcase name="generic_struct_instantiate" time="0"/>
    <testcase name="generic_struct_nested" time="0"/>
    <testcase name="gp_test" time="1"/>
    <testcase name="gpu_kernel_basic" time="0"/>
    <testcase name="gpu_launch_surface" time="0">
      <failure message="run exited 1 "/>
    </testcase>
    <testcase name="gpu_vec_add" time="0">
      <failure message="run exited 1 "/>
    </testcase>
    <testcase name="graph_laplacian_path" time="0">
      <failure message="run exited 1 "/>
    </testcase>
    <testcase name="arima_levinson_ar2" time="0"/>
    <testcase name="gum_compliance" time="1">
      <failure message="run exited 1 "/>
    </testcase>
    <testcase name="gum_h1_end_gauge" time="1">
      <failure message="run exited 1 "/>
    </testcase>
    <testcase name="gum_h1_native" time="1">
      <failure message="run exited 1 "/>
    </testcase>
    <testcase name="gum_reporting" time="1">
      <failure message="run exited 1 "/>
    </testcase>
    <testcase name="gum_supplement1_compliance" time="1">
      <failure message="run exited 1 "/>
    </testcase>
    <testcase name="handler_discharge" time="1"/>
    <testcase name="heap_alloc_basic" time="1"/>
    <testcase name="heap_alloc_cycle" time="1"/>
    <testcase name="heap_realloc_preserves" time="1"/>
    <testcase name="heap_vec_basic" time="1"/>
  </testsuite>
</testsuites>
